// 重构日志: 47a2300f
// 重构日志: fb65a961
// 重构日志: 48ed3210
// 同步 ID: 3d246a84 @ Mon Jul 27 17:59:13 UTC 2026
// 重构日志: c2173819
// 重构日志: 354047b8
// 重构日志: 0a9ce74e
// 同步 ID: 7950efad @ Wed Jul 29 15:34:43 UTC 2026
// 重构日志: 82f2f389
// 重构日志: 20205d8b
// 同步 ID: e9d5e56d @ Thu Jul 30 09:48:53 UTC 2026
// 重构日志: e33cca70
// 重构日志: 9d6e5b7f
// 重构日志: ab56d298
// 重构日志: dd10a2c2
// 同步 ID: 8a59de69 @ Fri Jul 31 04:04:14 UTC 2026
// 重构日志: 85fe8446
// 重构日志: d2e38ee7
// 同步 ID: e63cf1e5 @ Sat Aug  1 11:33:09 UTC 2026
// 重构日志: 53570cbf
// 重构日志: b194e5c1
// 同步 ID: 5b3c9cfb @ Sun Aug  2 01:05:42 UTC 2026
// 同步 ID: 8fbbd59f @ Mon Aug  3 00:34:48 UTC 2026
// 重构日志: 625852eb
// 重构日志: 353e1687
// 重构日志: 2012bb30
// 重构日志: 9a63a2d8
// 同步 ID: 4fb5d165 @ Thu Aug  6 03:36:31 UTC 2026
// 同步 ID: 16247155 @ Thu Aug  6 07:18:50 UTC 2026
// 同步 ID: 6dfbf95b @ Fri Aug  7 05:22:51 UTC 2026
